node.exe : [1m[33m[ba
seline-browser-mapping]
 The data in this 
module is over two 
months old.  To ensure 
accurate Baseline 
data, please update: 
`npm i baseline-browser
-mapping@latest 
-D`[39m[22m
En línea: 1 Carácter: 1
+ & "C:\Program 
Files\nodejs/node.exe" 
"C:\Program 
Files\nodejs/node_mo 
...
+ ~~~~~~~~~~~~~~~~~~~~~
~~~~~~~~~~~~~~~~~~~~~~~
~~~~~~~~~~~~~~~~~~~~~~~
~~
    + CategoryInfo     
         : NotSpecifi  
  ed: ([1m[33m[bas   
 el...t -D`[39m[2    
2m:String) [], Rem    
oteException
    + FullyQualifiedEr 
   rorId : NativeComm  
  andError
 
[33mÔØ»[39m Building...
[baseline-browser-mappi
ng] The data in this 
module is over two 
months old.  To ensure 
accurate Baseline 
data, please update: 
`npm i baseline-browser
-mapping@latest -D`
[baseline-browser-mappi
ng] The data in this 
module is over two 
months old.  To ensure 
accurate Baseline 
data, please update: 
`npm i baseline-browser
-mapping@latest -D`
[baseline-browser-mappi
ng] The data in this 
module is over two 
months old.  To ensure 
accurate Baseline 
data, please update: 
`npm i baseline-browser
-mapping@latest -D`
[baseline-browser-mappi
ng] The data in this 
module is over two 
months old.  To ensure 
accurate Baseline 
data, please update: 
`npm i baseline-browser
-mapping@latest -D`
[32mÔ£ö[39m Building...
Application bundle generation failed. [3.382 seconds] - 2026-03-18T12:04:41.763Z

[1m[31m[31mX [41;31
m[[41;97mERROR[41;31m
][0m [1mTS2339: 
Property 'find' does 
not exist on type 'Obse
rvable<Producto[]>'.[0
m [1m[35m[plugin 
angular-compiler][0m

    src/app/modules/pro
file/usuario.ts:222:31:
[37m      222 Ôöé     
const producto = produc
tos.[32mfind[37m((p: 
any) => p._id === 
ingredi...
          ÔòÁ          
                      
[32m~~~~[0m


[31mX [41;31m[[41;97
mERROR[41;31m][0m 
[1mTS2339: Property 
'find' does not exist 
on type 'Observable<Rec
eta[]>'.[0m 
[1m[35m[plugin 
angular-compiler][0m

    src/app/modules/rec
etas/receta-edit/receta
-edit.ts:66:35:
[37m      66 Ôöé 
...onst receta = todasL
asRecetas.[32mfind[37
m((r) => r._id === 
this.receta...
         ÔòÁ           
                       
[32m~~~~[0m


[31mX [41;31m[[41;97
mERROR[41;31m][0m 
[1mTS7006: Parameter 
'r' implicitly has an 
'any' type.[0m 
[1m[35m[plugin 
angular-compiler][0m

    src/app/modules/rec
etas/receta-edit/receta
-edit.ts:66:41:
[37m      66 Ôöé 
...nst receta = todasLa
sRecetas.find(([32mr[
37m) => r._id === 
this.recetaId);
         ÔòÁ           
                       
     [32m^[0m


[31mX [41;31m[[41;97
mERROR[41;31m][0m 
[1mTS7006: Parameter 
'id' implicitly has an 
'any' type.[0m 
[1m[35m[plugin 
angular-compiler][0m

    src/app/modules/rec
etas/receta-edit/receta
-edit.ts:71:14:
[37m      71 Ôöé      
   .map(([32mid[37m) 
=> todosLosProductos.fi
nd((p) => p._id === 
id))
         ÔòÁ           
    [32m~~[0m


[31mX [41;31m[[41;97
mERROR[41;31m][0m 
[1mTS2339: Property 
'find' does not exist 
on type 'Observable<Pro
ducto[]>'.[0m 
[1m[35m[plugin 
angular-compiler][0m

    src/app/modules/rec
etas/receta-edit/receta
-edit.ts:71:39:
[37m      71 Ôöé      
   .map((id) => todosLo
sProductos.[32mfind[3
7m((p) => p._id === 
id))
         ÔòÁ           
                       
      [32m~~~~[0m


[31mX [41;31m[[41;97
mERROR[41;31m][0m 
[1mTS7006: Parameter 
'p' implicitly has an 
'any' type.[0m 
[1m[35m[plugin 
angular-compiler][0m

    src/app/modules/rec
etas/receta-edit/receta
-edit.ts:71:45:
[37m      71 Ôöé      
   .map((id) => todosLo
sProductos.find(([32mp
[37m) => p._id === 
id))
         ÔòÁ           
                       
            [32m^[0m


[31mX [41;31m[[41;97
mERROR[41;31m][0m 
[1mTS7006: Parameter 
'producto' implicitly 
has an 'any' type.[0m 
[1m[35m[plugin 
angular-compiler][0m

    src/app/modules/rec
etas/receta-edit/receta
-edit.ts:72:17:
[37m      72 Ôöé      
   .filter(([32mproduc
to[37m) => producto 
!== undefined)
         ÔòÁ           
       
[32m~~~~~~~~[0m


[31mX [41;31m[[41;97
mERROR[41;31m][0m 
[1mTS7006: Parameter 
'producto' implicitly 
has an 'any' type.[0m 
[1m[35m[plugin 
angular-compiler][0m

    src/app/modules/rec
etas/receta-edit/receta
-edit.ts:73:14:
[37m      73 Ôöé      
   .map(([32mproducto
[37m) => 
producto!.nombre);
         ÔòÁ           
    [32m~~~~~~~~[0m

[39m[22m
